GIT HUB COMMANDS


User@DESKTOP-V3265KK MINGW64 /d/GIT
$ git clone https://github.com/praveenchary7/praveen.git
Cloning into 'praveen'...
warning: You appear to have cloned an empty repository.

User@DESKTOP-V3265KK MINGW64 /d/GIT
$ dir
HealthCare  praveen

User@DESKTOP-V3265KK MINGW64 /d/GIT
$ cd praveen

User@DESKTOP-V3265KK MINGW64 /d/GIT/praveen (main)
$ dir

User@DESKTOP-V3265KK MINGW64 /d/GIT/praveen (main)
$ git pull
remote: Enumerating objects: 3, done.
remote: Counting objects: 100% (3/3), done.
remote: Total 3 (delta 0), reused 0 (delta 0), pack-reused 0
Unpacking objects: 100% (3/3), 592 bytes | 65.00 KiB/s, done.
From https://github.com/praveenchary7/praveen
 * [new branch]      main       -> origin/main

User@DESKTOP-V3265KK MINGW64 /d/GIT/praveen (main)
$ dir
README.md

User@DESKTOP-V3265KK MINGW64 /d/GIT/praveen (main)
$ git status
On branch main
Your branch is up to date with 'origin/main'.

Untracked files:
  (use "git add <file>..." to include in what will be committed)
        .gitignore
        .mvn/
        mvnw
        mvnw.cmd
        pom.xml
        src/

nothing added to commit but untracked files present (use "git add" to track)

User@DESKTOP-V3265KK MINGW64 /d/GIT/praveen (main)
$ ^C

User@DESKTOP-V3265KK MINGW64 /d/GIT/praveen (main)
$ git add.
git: 'add.' is not a git command. See 'git --help'.

The most similar command is
        add

User@DESKTOP-V3265KK MINGW64 /d/GIT/praveen (main)
$ git add .
warning: in the working copy of '.gitignore', LF will be replaced by CRLF the next time Git touches it
warning: in the working copy of '.mvn/wrapper/maven-wrapper.properties', LF will be replaced by CRLF the next time Git touches it
warning: in the working copy of 'mvnw', LF will be replaced by CRLF the next time Git touches it
warning: in the working copy of 'mvnw.cmd', LF will be replaced by CRLF the next time Git touches it
warning: in the working copy of 'pom.xml', LF will be replaced by CRLF the next time Git touches it
warning: in the working copy of 'src/main/java/com/slokam/product1/DemoApplication.java', LF will be replaced by CRLF the next time Git touches it
warning: in the working copy of 'src/main/resources/application.properties', LF will be replaced by CRLF the next time Git touches it
warning: in the working copy of 'src/test/java/com/slokam/product1/DemoApplicationTests.java', LF will be replaced by CRLF the next time Git touches it

User@DESKTOP-V3265KK MINGW64 /d/GIT/praveen (main)
$ git status
On branch main
Your branch is up to date with 'origin/main'.

Changes to be committed:
  (use "git restore --staged <file>..." to unstage)
        new file:   .gitignore
        new file:   .mvn/wrapper/maven-wrapper.jar
        new file:   .mvn/wrapper/maven-wrapper.properties
        new file:   mvnw
        new file:   mvnw.cmd
        new file:   pom.xml
        new file:   src/main/java/com/slokam/product1/DemoApplication.java
        new file:   src/main/resources/application.properties
        new file:   src/test/java/com/slokam/product1/DemoApplicationTests.java


User@DESKTOP-V3265KK MINGW64 /d/GIT/praveen (main)
$ git commit -m "Initial commit"
Author identity unknown

*** Please tell me who you are.

Run

  git config --global user.email "you@example.com"
  git config --global user.name "Your Name"

to set your account's default identity.
Omit --global to set the identity only in this repository.

fatal: unable to auto-detect email address (got 'User@DESKTOP-V3265KK.(none)')

User@DESKTOP-V3265KK MINGW64 /d/GIT/praveen (main)
$ ^C

User@DESKTOP-V3265KK MINGW64 /d/GIT/praveen (main)
$ git commit -m "Initial commit"
Author identity unknown

*** Please tell me who you are.

Run

  git config --global user.email "you@example.com"
  git config --global user.name "Your Name"

to set your account's default identity.
Omit --global to set the identity only in this repository.

fatal: unable to auto-detect email address (got 'User@DESKTOP-V3265KK.(none)')

User@DESKTOP-V3265KK MINGW64 /d/GIT/praveen (main)
$  git config --global user.email "pchary59@gmail.com"
  git config --global user.name "praveen"

User@DESKTOP-V3265KK MINGW64 /d/GIT/praveen (main)
$  git config --global user.name "praveen"

User@DESKTOP-V3265KK MINGW64 /d/GIT/praveen (main)
$  git commit -m "Initial commit"
[main 1aff9eb] Initial commit
 9 files changed, 620 insertions(+)
 create mode 100644 .gitignore
 create mode 100644 .mvn/wrapper/maven-wrapper.jar
 create mode 100644 .mvn/wrapper/maven-wrapper.properties
 create mode 100644 mvnw
 create mode 100644 mvnw.cmd
 create mode 100644 pom.xml
 create mode 100644 src/main/java/com/slokam/product1/DemoApplication.java
 create mode 100644 src/main/resources/application.properties
 create mode 100644 src/test/java/com/slokam/product1/DemoApplicationTests.java

User@DESKTOP-V3265KK MINGW64 /d/GIT/praveen (main)
$ git push

User@DESKTOP-V3265KK MINGW64 /d/GIT/praveen (main)
$ git push
Enumerating objects: 26, done.
Counting objects: 100% (26/26), done.
Delta compression using up to 16 threads
Compressing objects: 100% (16/16), done.
Writing objects: 100% (25/25), 58.98 KiB | 7.37 MiB/s, done.
Total 25 (delta 0), reused 0 (delta 0), pack-reused 0
To https://github.com/praveenchary7/praveen.git
   762be3c..1aff9eb  main -> main

User@DESKTOP-V3265KK MINGW64 /d/GIT/praveen (main)
$




