User@DESKTOP-V3265KK MINGW64 /e/SlokamGitPractise (master)
$ git clone https://github.com/praveenchary7/SlokamBatch2.git
Cloning into 'SlokamBatch2'...
remote: Enumerating objects: 3, done.
remote: Counting objects: 100% (3/3), done.
remote: Total 3 (delta 0), reused 0 (delta 0), pack-reused 0
Receiving objects: 100% (3/3), done.

User@DESKTOP-V3265KK MINGW64 /e/SlokamGitPractise (master)
$ cd SlokamBatch2

User@DESKTOP-V3265KK MINGW64 /e/SlokamGitPractise/SlokamBatch2 (main)
$ touch test4.java test5.java test6.java

User@DESKTOP-V3265KK MINGW64 /e/SlokamGitPractise/SlokamBatch2 (main)
$ git status
On branch main
Your branch is up to date with 'origin/main'.

Untracked files:
  (use "git add <file>..." to include in what will be committed)
        test4.java
        test5.java
        test6.java

nothing added to commit but untracked files present (use "git add" to track)

User@DESKTOP-V3265KK MINGW64 /e/SlokamGitPractise/SlokamBatch2 (main)
$ git add .

User@DESKTOP-V3265KK MINGW64 /e/SlokamGitPractise/SlokamBatch2 (main)
$ git status
On branch main
Your branch is up to date with 'origin/main'.

Changes to be committed:
  (use "git restore --staged <file>..." to unstage)
        new file:   test4.java
        new file:   test5.java
        new file:   test6.java


User@DESKTOP-V3265KK MINGW64 /e/SlokamGitPractise/SlokamBatch2 (main)
$ git commit -m "hello world"
[main 1029153] hello world
 3 files changed, 0 insertions(+), 0 deletions(-)
 create mode 100644 test4.java
 create mode 100644 test5.java
 create mode 100644 test6.java

User@DESKTOP-V3265KK MINGW64 /e/SlokamGitPractise/SlokamBatch2 (main)
$ git status
On branch main
Your branch is ahead of 'origin/main' by 1 commit.
  (use "git push" to publish your local commits)

nothing to commit, working tree clean

User@DESKTOP-V3265KK MINGW64 /e/SlokamGitPractise/SlokamBatch2 (main)
$ git log
commit 10291538a0d0c21faa2d4ee82b00524381e08e56 (HEAD -> main)
Author: praveen <pchary59@gmail.com>
Date:   Thu Jun 1 14:23:25 2023 +0530

    hello world

commit c5ce4650157a695dcdc80f27bbc6b5f24de4cf8a (origin/main, origin/HEAD)
Author: praveenchary7 <125238175+praveenchary7@users.noreply.github.com>
Date:   Thu Jun 1 14:19:30 2023 +0530

    Initial commit

User@DESKTOP-V3265KK MINGW64 /e/SlokamGitPractise/SlokamBatch2 (main)
$ git show 10291538a0d0c21faa2d4ee82b00524381e08e56
commit 10291538a0d0c21faa2d4ee82b00524381e08e56 (HEAD -> main)
Author: praveen <pchary59@gmail.com>
Date:   Thu Jun 1 14:23:25 2023 +0530

    hello world

diff --git a/test4.java b/test4.java
new file mode 100644
index 0000000..e69de29
diff --git a/test5.java b/test5.java
new file mode 100644
index 0000000..e69de29
diff --git a/test6.java b/test6.java
new file mode 100644
index 0000000..e69de29

User@DESKTOP-V3265KK MINGW64 /e/SlokamGitPractise/SlokamBatch2 (main)
$ git status
On branch main
Your branch is ahead of 'origin/main' by 1 commit.
  (use "git push" to publish your local commits)

nothing to commit, working tree clean

User@DESKTOP-V3265KK MINGW64 /e/SlokamGitPractise/SlokamBatch2 (main)
$ git push
Enumerating objects: 4, done.
Counting objects: 100% (4/4), done.
Delta compression using up to 16 threads
Compressing objects: 100% (2/2), done.
Writing objects: 100% (3/3), 282 bytes | 282.00 KiB/s, done.
Total 3 (delta 0), reused 0 (delta 0), pack-reused 0
To https://github.com/praveenchary7/SlokamBatch2.git
   c5ce465..1029153  main -> main

User@DESKTOP-V3265KK MINGW64 /e/SlokamGitPractise/SlokamBatch2 (main)
$ git status
On branch main
Your branch is up to date with 'origin/main'.

nothing to commit, working tree clean

User@DESKTOP-V3265KK MINGW64 /e/SlokamGitPractise/SlokamBatch2 (main)
$
